// Jest Snapshot v1, https://goo.gl/fbAQLP

exports[`Top Cards Container matches snapshot 1`] = `
<div>
  <div
    class="px-4 sm:px-6 lg:px-8"
  >
    <div
      class="sm:flex sm:items-center"
    >
      <div
        class="sm:flex-auto"
      >
        <h1
          class="text-xl font-semibold text-gray-900"
        >
          Top Cards
        </h1>
        <p
          class="mt-2 text-sm text-gray-700"
        >
          A list of top Credit Cards by Category
        </p>
      </div>
    </div>
    <div
      class="mt-8 flex flex-col"
    >
      <div
        class="-my-2 -mx-4 overflow-x-auto sm:-mx-6 lg:-mx-8"
      >
        <div
          class="inline-block min-w-full py-2 align-middle md:px-6 lg:px-8"
        >
          <div
            class="overflow-hidden md:rounded-lg"
          >
            <ul
              class="grid grid-cols-1 gap-6 sm:grid-cols-2 md:grid-cols-3 lg:grid-cols-4"
              role="list"
            >
              <li
                class="col-span-1 flex flex-col text-center bg-white rounded-lg shadow divide-y divide-gray-200"
              >
                <div
                  class="flex-1 flex flex-col p-8"
                >
                  <h3
                    class="mt-6 text-gray-900 text-md font-bold"
                  >
                    Everything Else
                  </h3>
                  <h3
                    class="mt-6 text-gray-900 text-sm font-medium"
                  >
                    Chase Sapphire Reserve
                  </h3>
                  <dl
                    class="mt-1 flex-grow flex flex-col justify-between"
                  >
                    <dd
                      class="text-gray-500 text-sm"
                    >
                      Chase
                    </dd>
                    <dd
                      class="text-gray-500 text-sm"
                    >
                      Personal
                    </dd>
                    <dd
                      class="mt-3"
                    >
                      <span
                        class="px-2 py-1 text-green-800 text-xs font-medium bg-green-100 rounded-full"
                      >
                        1.5%
                      </span>
                    </dd>
                  </dl>
                </div>
              </li>
            </ul>
          </div>
        </div>
      </div>
    </div>
  </div>
</div>
`;
