// Jest Snapshot v1, https://goo.gl/fbAQLP

exports[`Home Page matches snapshot 1`] = `
<div>
  <div
    class="text-center"
  >
    <h1
      class="text-4xl tracking-tight font-extrabold text-gray-900 sm:text-5xl md:text-6xl"
    >
      <span
        class="block xl:inline"
      >
        Data to level up your
      </span>
       
      <span
        class="block text-blue-600 xl:inline mt-4"
      >
        Points Game
      </span>
    </h1>
    <p
      class="mt-3 max-w-md mx-auto text-base text-gray-500 sm:text-lg md:mt-5 md:text-xl md:max-w-3xl"
    >
      Credit cards points is one of the largest arbitrage spaces available today.
    </p>
    <p
      class="mt-1 max-w-md mx-auto text-base text-gray-500 sm:text-l md:text-xl md:max-w-3xl"
    >
      Max Points gives you the data you need to make informed decisions on your next card
    </p>
  </div>
</div>
`;
